PS C:\dev\grimengine> ge bless Bruni --targets Aella,Thori





















                      ge bless Bruni --targets Aella,Thorin,Kara
ge : The term 'ge' is not recognized as the name of a cmdlet, function, script file, or operable program. Check the spelling of the name, or if a 
path was included, verify that the path is correct and try again.
At line:1 char:1
+ ge bless Bruni --targets Aella,Thorin,Kara
+ ~~
    + CategoryInfo          : ObjectNotFound: (ge:String) [], CommandNotFoundException
    + FullyQualifiedErrorId : CommandNotFoundException

PS C:\dev\grimengine> 
 *  History restored 

PS C:\dev\grimengine> pnpm test

> grimengine@1.0.0 test C:\dev\grimengine
> turbo run test

turbo 2.5.8

 WARNING  stale pid file at "C:\\Users\\gherr\\AppData\\Local\\Temp\\turbod\\43a4cf7aca0adda0\\turbod.pid"
• Packages in scope: @grimengine/core, @grimengine/dnd5e-api, @grimengine/rules-srd
• Running test in 3 packages
• Remote caching disabled
@grimengine/core:test: cache miss, executing 4817c1c7fb6ec8f4
@grimengine/core:test: 
@grimengine/core:test: > @grimengine/core@0.0.0 test C:\dev\grimengine\packages\core
@grimengine/core:test: > vitest --config vitest.config.ts
@grimengine/core:test: 
@grimengine/core:test: 
@grimengine/core:test:  RUN  v3.2.4 C:/dev/grimengine/packages/core
@grimengine/core:test: 
@grimengine/core:test:  ✓ tests/weapons.test.ts (6 tests) 11ms
@grimengine/core:test:  ✓ tests/combat.test.ts (8 tests) 12ms
@grimengine/core:test:  ✓ tests/tags.test.ts (3 tests) 11ms
@grimengine/core:test:  ✓ tests/conditions.test.ts (11 tests) 16ms
@grimengine/core:test:  ✓ tests/encounter.test.ts (3 tests) 14ms
@grimengine/core:test:  ✓ tests/encounter-checks.test.ts (4 tests) 12ms
@grimengine/core:test:  ✓ tests/spells.test.ts (9 tests) 17ms
@grimengine/core:test:  ✓ tests/character.test.ts (6 tests) 11ms
@grimengine/core:test:  ✓ tests/loot.test.ts (5 tests) 10ms
@grimengine/core:test:  ✓ tests/dice.test.ts (4 tests) 10ms
@grimengine/core:test:  ✓ tests/abilityScores.test.ts (9 tests) 14ms
@grimengine/core:test:  ✓ tests/slots.test.ts (5 tests) 10ms
@grimengine/core:test:  ✓ tests/derived.test.ts (7 tests) 9ms
@grimengine/core:test:  ✓ tests/skills.test.ts (4 tests) 9ms
@grimengine/core:test:  ✓ tests/checks.test.ts (5 tests) 10ms
@grimengine/core:test:  ✓ tests/monster-normalize.test.ts (1 test) 6ms
@grimengine/core:test:  ✓ tests/concentration.test.ts (3 tests) 7ms
@grimengine/core:test: 
@grimengine/core:test:  Test Files  17 passed (17)
@grimengine/core:test:       Tests  93 passed (93)
@grimengine/core:test:    Start at  08:13:48
@grimengine/core:test:    Duration  2.77s (transform 1.54s, setup 0ms, collect 2.96s, tests 189ms, environment 7ms, prepare 5.46s)
@grimengine/core:test:

 Tasks:    1 successful, 1 total
Cached:    0 cached, 1 total
  Time:    5.913s

PS C:\dev\grimengine> pnpm dev -- encounter start                                                                                                    

> grimengine@1.0.0 dev C:\dev\grimengine
> tsx apps/cli/index.ts "encounter" "start"

Encounter started.
PS C:\dev\grimengine> pnpm dev -- encounter add pc "Aerin"

> grimengine@1.0.0 dev C:\dev\grimengine
> tsx apps/cli/index.ts "encounter" "add" "pc" "Aerin"

No character loaded. Use `pnpm dev -- character load "<path.json>"` first.
 ELIFECYCLE  Command failed with exit code 1.
PS C:\dev\grimengine> pnpm dev -- character load-name "Aerin"

> grimengine@1.0.0 dev C:\dev\grimengine
> tsx apps/cli/index.ts "character" "load-name" "Aerin"

Loaded character Aerin (lvl 3). PB +2
PS C:\dev\grimengine> pnpm dev -- encounter add pc "Aerin"   

> grimengine@1.0.0 dev C:\dev\grimengine
> tsx apps/cli/index.ts "encounter" "add" "pc" "Aerin"

Added PC Aerin (id=aerin).
PS C:\dev\grimengine> pnpm dev -- encounter add monster "Skeleton" --count 2

> grimengine@1.0.0 dev C:\dev\grimengine
> tsx apps/cli/index.ts "encounter" "add" "monster" "Skeleton" "--count" "2"

Fetched Skeleton from the 5e API.
Added 2 Skeletons: Skeleton #1 (id=skeleton-1), Skeleton #2 (id=skeleton-2)
PS C:\dev\grimengine> pnpm dev -- encounter list

> grimengine@1.0.0 dev C:\dev\grimengine
> tsx apps/cli/index.ts "encounter" "list"

Encounter encounter
Round: 0 | Turn: n/a
Actors:
  [party] Aerin (id=aerin) AC 12 HP 21/21 — conditions: — — tags: —
  [foe] Skeleton #1 (id=skeleton-1) AC 13 HP 13/13 — conditions: — — tags: —
  [foe] Skeleton #2 (id=skeleton-2) AC 13 HP 13/13 — conditions: — — tags: —
PS C:\dev\grimengine> pnpm dev -- encounter mark "Aerin" "Skeleton #1"

> grimengine@1.0.0 dev C:\dev\grimengine
> tsx apps/cli/index.ts "encounter" "mark" "Aerin" "Skeleton #1"

Started concentration: Hunter's Mark (Aerin) → target Skeleton #1
Added tag to Skeleton #1: "Hunter's Mark" [conc:aerin:Hunter's Mark]
PS C:\dev\grimengine> pnpm dev -- encounter list

> grimengine@1.0.0 dev C:\dev\grimengine
> tsx apps/cli/index.ts "encounter" "list"

Encounter encounter
Round: 0 | Turn: n/a
Actors:
  [party] Aerin (id=aerin) AC 12 HP 21/21 [conc: Hunter's Mark] — conditions: — — tags: —
  [foe] Skeleton #1 (id=skeleton-1) AC 13 HP 13/13 — conditions: — — tags: Hunter's Mark — note: Add 1d6 to your weapon damage rolls against this target; source: conc:aerin:Hunter's Mark
  [foe] Skeleton #2 (id=skeleton-2) AC 13 HP 13/13 — conditions: — — tags: —
PS C:\dev\grimengine> pnpm dev -- encounter mark "Aerin" "Skeleton #2"

> grimengine@1.0.0 dev C:\dev\grimengine
> tsx apps/cli/index.ts "encounter" "mark" "Aerin" "Skeleton #2"

Removed tag t1 from Skeleton #1: "Hunter's Mark"
Started concentration: Hunter's Mark (Aerin) → target Skeleton #2
Added tag to Skeleton #2: "Hunter's Mark" [conc:aerin:Hunter's Mark]
PS C:\dev\grimengine> pnpm dev -- encounter list

> grimengine@1.0.0 dev C:\dev\grimengine
> tsx apps/cli/index.ts "encounter" "list"

Encounter encounter
Round: 0 | Turn: n/a
Actors:
  [party] Aerin (id=aerin) AC 12 HP 21/21 [conc: Hunter's Mark] — conditions: — — tags: —
  [foe] Skeleton #1 (id=skeleton-1) AC 13 HP 13/13 — conditions: — — tags: —
  [foe] Skeleton #2 (id=skeleton-2) AC 13 HP 13/13 — conditions: — — tags: Hunter's Mark — note: Add 1d6 to your weapon damage rolls against this target; source: conc:aerin:Hunter's Mark
PS C:\dev\grimengine> pnpm dev -- encounter concentration check "Aerin" 9

> grimengine@1.0.0 dev C:\dev\grimengine
> tsx apps/cli/index.ts "encounter" "concentration" "check" "Aerin" "9"

Concentration check for Aerin (spell: Hunter's Mark) — damage 9 → DC 10.
Roll: 1d20+1+2 vs DC 10
Result: 16 → total 19 → SUCCESS
Concentration maintained on Hunter's Mark.
PS C:\dev\grimengine> pnpm dev -- encounter list

> grimengine@1.0.0 dev C:\dev\grimengine
> tsx apps/cli/index.ts "encounter" "list"

Encounter encounter
Round: 0 | Turn: n/a
Actors:
  [party] Aerin (id=aerin) AC 12 HP 21/21 [conc: Hunter's Mark] — conditions: — — tags: —
  [foe] Skeleton #1 (id=skeleton-1) AC 13 HP 13/13 — conditions: — — tags: —
  [foe] Skeleton #2 (id=skeleton-2) AC 13 HP 13/13 — conditions: — — tags: Hunter's Mark — note: Add 1d6 to your weapon damage rolls against this target; source: conc:aerin:Hunter's Mark
PS C:\dev\grimengine> pnpm dev -- encounter concentration end "Aerin"

> grimengine@1.0.0 dev C:\dev\grimengine
> tsx apps/cli/index.ts "encounter" "concentration" "end" "Aerin"

Concentration on Hunter's Mark ended for Aerin.
PS C:\dev\grimengine> pnpm dev -- encounter list

> grimengine@1.0.0 dev C:\dev\grimengine
> tsx apps/cli/index.ts "encounter" "list"

Encounter encounter
Round: 0 | Turn: n/a
Actors:
  [party] Aerin (id=aerin) AC 12 HP 21/21 — conditions: — — tags: —
  [foe] Skeleton #1 (id=skeleton-1) AC 13 HP 13/13 — conditions: — — tags: —
  [foe] Skeleton #2 (id=skeleton-2) AC 13 HP 13/13 — conditions: — — tags: —
PS C:\dev\grimengine> pnpm dev -- encounter mark "Aerin" "Skeleton #1" --note "Add 1d6 once per hit vs this target"

> grimengine@1.0.0 dev C:\dev\grimengine
> tsx apps/cli/index.ts "encounter" "mark" "Aerin" "Skeleton #1" "--note" "Add 1d6 once per hit vs this target"

Started concentration: Hunter's Mark (Aerin) → target Skeleton #1
Added tag to Skeleton #1: "Hunter's Mark" [conc:aerin:Hunter's Mark]
PS C:\dev\grimengine> pnpm dev -- encounter list

> grimengine@1.0.0 dev C:\dev\grimengine
> tsx apps/cli/index.ts "encounter" "list"

Encounter encounter
Round: 0 | Turn: n/a
Actors:
  [party] Aerin (id=aerin) AC 12 HP 21/21 [conc: Hunter's Mark] — conditions: — — tags: —
  [foe] Skeleton #1 (id=skeleton-1) AC 13 HP 13/13 — conditions: — — tags: Hunter's Mark — note: Add 1d6 once per hit vs this target; source: conc:aerin:Hunter's Mark
  [foe] Skeleton #2 (id=skeleton-2) AC 13 HP 13/13 — conditions: — — tags: —
PS C:\dev\grimengine> pnpm dev -- encounter end

> grimengine@1.0.0 dev C:\dev\grimengine
> tsx apps/cli/index.ts "encounter" "end"

Encounter ended.
PS C:\dev\grimengine> pnpm dev -- encounter list

> grimengine@1.0.0 dev C:\dev\grimengine
> tsx apps/cli/index.ts "encounter" "list"

No encounter in progress. Use `pnpm dev -- encounter start` first.
 ELIFECYCLE  Command failed with exit code 1.
PS C:\dev\grimengine> pnpm dev -- character unload

> grimengine@1.0.0 dev C:\dev\grimengine
> tsx apps/cli/index.ts "character" "unload"

Character session cleared.
PS C:\dev\grimengine> 