PS C:\dev\grimengine> pn





















                      pnpm test

> grimengine@1.0.0 test C:\dev\grimengine
> turbo run test

turbo 2.5.8

• Packages in scope: @grimengine/core, @grimengine/rules-srd
• Running test in 2 packages
• Remote caching disabled
@grimengine/core:test: cache miss, executing 6513fc287519b62e
@grimengine/core:test: 
@grimengine/core:test: > @grimengine/core@0.0.0 test C:\dev\grimengine\packages\core
@grimengine/core:test: > vitest
@grimengine/core:test:
@grimengine/core:test: 
@grimengine/core:test:  RUN  v3.2.4 C:/dev/grimengine/packages/core
@grimengine/core:test:
@grimengine/core:test:  ✓ tests/combat.test.ts (8 tests) 13ms
@grimengine/core:test:  ✓ tests/weapons.test.ts (6 tests) 15ms
@grimengine/core:test:  ✓ tests/dice.test.ts (4 tests) 8ms
@grimengine/core:test:  ✓ tests/checks.test.ts (5 tests) 11ms
@grimengine/core:test:  ✓ tests/abilityScores.test.ts (9 tests) 13ms
@grimengine/core:test:  ✓ tests/skills.test.ts (4 tests) 9ms
@grimengine/core:test:  ✓ tests/character.test.ts (6 tests) 14ms
@grimengine/core:test: 
@grimengine/core:test:  Test Files  7 passed (7)
@grimengine/core:test:       Tests  42 passed (42)
@grimengine/core:test:    Start at  15:36:04
@grimengine/core:test:    Duration  1.06s (transform 637ms, setup 0ms, collect 1.16s, tests 83ms, environment 2ms, prepare 2.63s)
@grimengine/core:test:

 Tasks:    1 successful, 1 total
Cached:    0 cached, 1 total
  Time:    2.755s

PS C:\dev\grimengine> pnpm dev -- character load ".\Characters\Aerin.json"                                                                           

> grimengine@1.0.0 dev C:\dev\grimengine
> tsx apps/cli/index.ts "character" "load" ".\\Characters\\Aerin.json"

Loaded character Aerin (lvl 3). PB +2
PS C:\dev\grimengine> pnpm dev -- character show                          

> grimengine@1.0.0 dev C:\dev\grimengine
> tsx apps/cli/index.ts "character" "show"

Aerin (level 3)
Proficiency Bonus: +2
Ability Scores:
  STR: 16 (+3)
  DEX: 14 (+2)
  CON: 12 (+1)
  INT: 10 (+0)
  WIS: 10 (+0)
  CHA: 8 (-1)
Weapon Proficiencies: martial
Saving Throws: STR, CON
Skills: Athletics, Perception
Passive Perception: 12
PS C:\dev\grimengine> pnpm dev -- character skills

> grimengine@1.0.0 dev C:\dev\grimengine
> tsx apps/cli/index.ts "character" "skills"

Skills:
- Acrobatics (DEX)
- Animal Handling (WIS)
- Arcana (INT)
- Athletics (STR)
- Deception (CHA)
- History (INT)
- Insight (WIS)
- Intimidation (CHA)
- Investigation (INT)
- Medicine (WIS)
- Nature (INT)
- Perception (WIS)
- Performance (CHA)
- Persuasion (CHA)
- Religion (INT)
- Sleight of Hand (DEX)
- Stealth (DEX)
- Survival (WIS)
PS C:\dev\grimengine> pnpm dev -- character skill "Perception" --dc N

> grimengine@1.0.0 dev C:\dev\grimengine
> tsx apps/cli/index.ts "character" "skill" "Perception" "--dc" "N"

C:\dev\grimengine\apps\cli\index.ts:1149
    throw new Error(`${label} must be an integer.`);
          ^


Error: --dc must be an integer.
    at parseSignedInteger (C:\dev\grimengine\apps\cli\index.ts:1149:11)
    at handleCharacterSkillCommand (C:\dev\grimengine\apps\cli\index.ts:271:12)
    at handleCharacterCommand (C:\dev\grimengine\apps\cli\index.ts:711:5)
    at rest (C:\dev\grimengine\apps\cli\index.ts:1593:3)
    at Object.<anonymous> (C:\dev\grimengine\apps\cli\index.ts:1774:15)
    at Module._compile (node:internal/modules/cjs/loader:1706:14)
    at Object.transformer (C:\dev\grimengine\node_modules\.pnpm\tsx@4.20.6\node_modules\tsx\dist\register-D46fvsV_.cjs:3:1104)
    at Module.load (node:internal/modules/cjs/loader:1441:32)
    at Function._load (node:internal/modules/cjs/loader:1263:12)
    at TracingChannel.traceSync (node:diagnostics_channel:322:14)

Node.js v22.20.0
 ELIFECYCLE  Command failed with exit code 1.
PS C:\dev\grimengine> pnpm dev -- character skill "Perception" --dc 15

> grimengine@1.0.0 dev C:\dev\grimengine
> tsx apps/cli/index.ts "character" "skill" "Perception" "--dc" "15"

Skill Check: Perception (WIS) vs DC 15
Mods: base +0, PB +2
Rolls: [14] → total 16
Result: SUCCESS
PS C:\dev\grimengine> 