PS C:\dev\grimengine> pnpm test

> grimengine@1.0.0 test C:\dev\grimengine
> turbo run test

turbo 2.5.8

• Packages in scope: @grimengine/core, @grimengine/dnd5e-api, @grimengine/rules-srd
• Running test in 3 packages
• Remote caching disabled
@grimengine/core:test: cache miss, executing e38ed825ac45d708
@grimengine/core:test: 
@grimengine/core:test: > @grimengine/core@0.0.0 test C:\dev\grimengine\packages\core
@grimengine/core:test: > vitest --config vitest.config.ts
@grimengine/core:test:
@grimengine/core:test: 
@grimengine/core:test:  RUN  v3.2.4 C:/dev/grimengine/packages/core
@grimengine/core:test:
@grimengine/core:test:  ✓ tests/encounter-checks.test.ts (4 tests) 11ms
@grimengine/core:test:  ✓ tests/weapons.test.ts (6 tests) 11ms
@grimengine/core:test:  ✓ tests/combat.test.ts (8 tests) 13ms
@grimengine/core:test:  ✓ tests/encounter.test.ts (3 tests) 14ms
@grimengine/core:test:  ✓ tests/conditions.test.ts (11 tests) 19ms
@grimengine/core:test:  ✓ tests/character.test.ts (6 tests) 12ms
@grimengine/core:test:  ✓ tests/spells.test.ts (9 tests) 17ms
@grimengine/core:test:  ✓ tests/abilityScores.test.ts (9 tests) 12ms
@grimengine/core:test:  ✓ tests/skills.test.ts (4 tests) 9ms
@grimengine/core:test:  ✓ tests/dice.test.ts (4 tests) 9ms
@grimengine/core:test:  ✓ tests/derived.test.ts (7 tests) 11ms
@grimengine/core:test:  ✓ tests/loot.test.ts (5 tests) 11ms
@grimengine/core:test:  ✓ tests/checks.test.ts (5 tests) 13ms
@grimengine/core:test:  ✓ tests/concentration.test.ts (3 tests) 7ms
@grimengine/core:test:  ✓ tests/monster-normalize.test.ts (1 test) 4ms
@grimengine/core:test: 
@grimengine/core:test:  Test Files  15 passed (15)
@grimengine/core:test:       Tests  85 passed (85)
@grimengine/core:test:    Start at  09:06:14
@grimengine/core:test:    Duration  2.13s (transform 953ms, setup 0ms, collect 1.95s, tests 173ms, environment 4ms, prepare 4.04s)
@grimengine/core:test:

 Tasks:    1 successful, 1 total
Cached:    0 cached, 1 total
  Time:    4.671s

PS C:\dev\grimengine> pnpm dev -- character load-name "Aerin"                                                                                        

> grimengine@1.0.0 dev C:\dev\grimengine
> tsx apps/cli/index.ts "character" "load-name" "Aerin"

Loaded character Aerin (lvl 3). PB +2
PS C:\dev\grimengine> pnpm dev -- encounter start --seed grim

> grimengine@1.0.0 dev C:\dev\grimengine
> tsx apps/cli/index.ts "encounter" "start" "--seed" "grim"

Encounter started (seed="grim").
PS C:\dev\grimengine> pnpm dev -- encounter add pc "Aerin"

> grimengine@1.0.0 dev C:\dev\grimengine
> tsx apps/cli/index.ts "encounter" "add" "pc" "Aerin"

Added PC Aerin (id=aerin).
PS C:\dev\grimengine> pnpm dev -- encounter add monster "Skeleton"

> grimengine@1.0.0 dev C:\dev\grimengine
> tsx apps/cli/index.ts "encounter" "add" "monster" "Skeleton"

Fetched Skeleton from the 5e API.
Added 1 Skeleton: Skeleton #1 (id=skeleton-1)
PS C:\dev\grimengine> pnpm dev -- encounter roll-init

> grimengine@1.0.0 dev C:\dev\grimengine
> tsx apps/cli/index.ts "encounter" "roll-init"

Initiative order:
1. Skeleton #1 (id=skeleton-1) → 12 = 10 + Dex +2
2. Aerin (id=aerin) → 11 = 9 + Dex +2
PS C:\dev\grimengine> pnpm dev -- encounter check "Aerin" STR --dc 12 --seed grim

> grimengine@1.0.0 dev C:\dev\grimengine
> tsx apps/cli/index.ts "encounter" "check" "Aerin" "STR" "--dc" "12" "--seed" "grim"

Check: Aerin STR vs DC 12
Rolls: [4] → total 7 → FAILURE
PS C:\dev\grimengine> pnpm dev -- encounter condition add "Aerin" poisoned

> grimengine@1.0.0 dev C:\dev\grimengine
> tsx apps/cli/index.ts "encounter" "condition" "add" "Aerin" "poisoned"

Added poisoned to Aerin (id=aerin). Conditions: poisoned.
PS C:\dev\grimengine> pnpm dev -- encounter check "Aerin" STR --dc 12 --seed grim

> grimengine@1.0.0 dev C:\dev\grimengine
> tsx apps/cli/index.ts "encounter" "check" "Aerin" "STR" "--dc" "12" "--seed" "grim"

Check: Aerin STR vs DC 12
Rolls: [4, 5] → total 7 → FAILURE
(conditions: disadvantage from poisoned)
PS C:\dev\grimengine> pnpm dev -- encounter check "Aerin" DEX --skill "Stealth" --dc 14 --seed grim

> grimengine@1.0.0 dev C:\dev\grimengine
> tsx apps/cli/index.ts "encounter" "check" "Aerin" "DEX" "--skill" "Stealth" "--dc" "14" "--seed" "grim"

Check: Aerin DEX [skill: Stealth (DEX)] vs DC 14
Rolls: [4, 5] → total 6 → FAILURE
(conditions: disadvantage from poisoned)
PS C:\dev\grimengine> pnpm dev -- character cast "Fire Bolt" --target "Skeleton #1" --seed grim --ranged

> grimengine@1.0.0 dev C:\dev\grimengine
> tsx apps/cli/index.ts "character" "cast" "Fire Bolt" "--target" "Skeleton #1" "--seed" "grim" "--ranged"

Casting Fire Bolt (INT spell attack +2 vs AC 13) on Skeleton #1...
Attack: 1d20+2 vs AC 13
Rolls: [15] → natural 15 → total 17 → HIT
Damage: 1d10 → 6 fire
Target Skeleton #1 now has 7/13 HP (active).
PS C:\dev\grimengine> pnpm dev -- character cast "Fire Bolt" --target "Skeleton #1" --seed grim --ranged

> grimengine@1.0.0 dev C:\dev\grimengine
> tsx apps/cli/index.ts "character" "cast" "Fire Bolt" "--target" "Skeleton #1" "--seed" "grim" "--ranged"

Casting Fire Bolt (INT spell attack +2 vs AC 13) on Skeleton #1...
Attack: 1d20+2 vs AC 13
Rolls: [15] → natural 15 → total 17 → HIT
Damage: 1d10 → 6 fire
Target Skeleton #1 now has 1/13 HP (active).
PS C:\dev\grimengine> pnpm dev -- encounter attack "Aerin" "Skeleton #1" --melee --seed grim

> grimengine@1.0.0 dev C:\dev\grimengine
> tsx apps/cli/index.ts "encounter" "attack" "Aerin" "Skeleton #1" "--melee" "--seed" "grim"

Mode: melee (conditions: disadvantage from attacker poisoned)
Advantage state: disadvantage
Attack: 1d20+5 dis vs AC 13
Rolls: [16, 20] → natural 16 → total 21 → HIT
Damage: 1d4+3
Rolls: [1] → base 4 → final 4
Defender Skeleton #1 (id=skeleton-1) now has 0/13 HP (DEFEATED).
PS C:\dev\grimengine> pnpm dev -- encounter attack "Aerin" "Skeleton #1" --melee --seed grim

> grimengine@1.0.0 dev C:\dev\grimengine
> tsx apps/cli/index.ts "encounter" "attack" "Aerin" "Skeleton #1" "--melee" "--seed" "grim"

Skeleton #1 (id=skeleton-1) is defeated. Choose an active target.
 ELIFECYCLE  Command failed with exit code 1.
PS C:\dev\grimengine> pnpm dev -- character cast "Guiding Bolt" --target "Skeleton #1" --seed grim --ranged --ability WIS --slotLevel 1

> grimengine@1.0.0 dev C:\dev\grimengine
> tsx apps/cli/index.ts "character" "cast" "Guiding Bolt" "--target" "Skeleton #1" "--seed" "grim" "--ranged" "--ability" "WIS" "--slotLevel" "1"    

Skeleton #1 (id=skeleton-1) is defeated. Choose an active target.
 ELIFECYCLE  Command failed with exit code 1.
PS C:\dev\grimengine> pnpm dev -- encounter end

> grimengine@1.0.0 dev C:\dev\grimengine
> tsx apps/cli/index.ts "encounter" "end"

Encounter ended.
PS C:\dev\grimengine> pnpm dev -- character unload

> grimengine@1.0.0 dev C:\dev\grimengine
> tsx apps/cli/index.ts "character" "unload"

Character session cleared.
PS C:\dev\grimengine> 