PS C:\dev\grimengine> pnpm test

> grimengine@1.0.0 test C:\dev\grimengine
> turbo run test

turbo 2.5.8

 WARNING  Unable to calculate transitive closures: Workspace 'packages/adapters/dnd5e-api' not found in lockfile.
• Packages in scope: @grimengine/core, @grimengine/dnd5e-api, @grimengine/rules-srd
• Running test in 3 packages
• Remote caching disabled
@grimengine/core:test: cache miss, executing 8f67376b38a68a48
@grimengine/core:test: 
@grimengine/core:test: > @grimengine/core@0.0.0 test C:\dev\grimengine\packages\core
@grimengine/core:test: > vitest --config vitest.config.ts
@grimengine/core:test:
@grimengine/core:test: 
@grimengine/core:test:  RUN  v3.2.4 C:/dev/grimengine/packages/core
@grimengine/core:test:
@grimengine/core:test:  ✓ tests/weapons.test.ts (6 tests) 11ms
@grimengine/core:test:  ✓ tests/abilityScores.test.ts (9 tests) 12ms
@grimengine/core:test:  ✓ tests/combat.test.ts (8 tests) 13ms
@grimengine/core:test:  ✓ tests/loot.test.ts (5 tests) 10ms
@grimengine/core:test:  ✓ tests/encounter.test.ts (3 tests) 13ms
@grimengine/core:test:  ✓ tests/derived.test.ts (7 tests) 13ms
@grimengine/core:test:  ✓ tests/character.test.ts (6 tests) 19ms
@grimengine/core:test:  ✓ tests/checks.test.ts (5 tests) 9ms
@grimengine/core:test:  ✓ tests/dice.test.ts (4 tests) 8ms
@grimengine/core:test:  ✓ tests/skills.test.ts (4 tests) 8ms
@grimengine/core:test:  ✓ tests/monster-normalize.test.ts (1 test) 9ms
@grimengine/core:test: 
@grimengine/core:test:  Test Files  11 passed (11)
@grimengine/core:test:       Tests  58 passed (58)
@grimengine/core:test:    Start at  15:22:28
@grimengine/core:test:    Duration  1.62s (transform 727ms, setup 0ms, collect 1.36s, tests 126ms, environment 3ms, prepare 3.15s)
@grimengine/core:test:

 Tasks:    1 successful, 1 total
Cached:    0 cached, 1 total
  Time:    3.556s

PS C:\dev\grimengine> pnpm dev -- encounter start --seed grim                                                                                        

> grimengine@1.0.0 dev C:\dev\grimengine
> tsx apps/cli/index.ts "encounter" "start" "--seed" "grim"

Encounter started (seed="grim").
PS C:\dev\grimengine> pnpm dev -- encounter add monster "Skeleton"

> grimengine@1.0.0 dev C:\dev\grimengine
> tsx apps/cli/index.ts "encounter" "add" "monster" "Skeleton"

Fetched Skeleton from the 5e API.
Added 1 Skeleton: Skeleton #1 (id=skeleton-1)
PS C:\dev\grimengine> pnpm dev -- encounter add monster "Orc"

> grimengine@1.0.0 dev C:\dev\grimengine
> tsx apps/cli/index.ts "encounter" "add" "monster" "Orc"

Fetched Orc from the 5e API.
Added 1 Orc: Orc #1 (id=orc-1)
PS C:\dev\grimengine> pnpm dev -- encounter roll-init

> grimengine@1.0.0 dev C:\dev\grimengine
> tsx apps/cli/index.ts "encounter" "roll-init"

Initiative order:
1. Orc #1 (id=orc-1) → 17 = 16 + Dex +1
2. Skeleton #1 (id=skeleton-1) → 12 = 10 + Dex +2
PS C:\dev\grimengine> pnpm dev -- encounter attack "Orc #1" "Skeleton #1" --seed grim

> grimengine@1.0.0 dev C:\dev\grimengine
> tsx apps/cli/index.ts "encounter" "attack" "Orc #1" "Skeleton #1" "--seed" "grim"

Attack: 1d20+5 vs AC 13
Rolls: [18] → natural 18 → total 23 → HIT
Damage: 1d12+3+3
Rolls: [3] → base 9 → final 9
Defender Skeleton #1 (id=skeleton-1) now has 4/13 HP (active).
PS C:\dev\grimengine> pnpm dev -- encounter attack "Orc #1" "Skeleton #1" --seed grim

> grimengine@1.0.0 dev C:\dev\grimengine
> tsx apps/cli/index.ts "encounter" "attack" "Orc #1" "Skeleton #1" "--seed" "grim"

Attack: 1d20+5 vs AC 13
Rolls: [18] → natural 18 → total 23 → HIT
Damage: 1d12+3+3
Rolls: [3] → base 9 → final 9
Defender Skeleton #1 (id=skeleton-1) now has 0/13 HP (DEFEATED).
PS C:\dev\grimengine> pnpm dev -- encounter loot --seed grim --items 1 --note "Graveyard stash"

> grimengine@1.0.0 dev C:\dev\grimengine
> tsx apps/cli/index.ts "encounter" "loot" "--seed" "grim" "--items" "1" "--note" "Graveyard stash"

Loot (1 defeated):
  Coins: 15 sp
  Items: Longbow
  Note: Graveyard stash
Saved to encounter log.
PS C:\dev\grimengine> pnpm dev -- encounter list

> grimengine@1.0.0 dev C:\dev\grimengine
> tsx apps/cli/index.ts "encounter" "list"

Encounter encounter-grim
Round: 1 | Turn: 1/2
Actors:
→ [foe] Orc #1 (id=orc-1) AC 13 HP 15/15 init=17 (roll 16)
  [foe] Skeleton #1 (id=skeleton-1) AC 13 HP 0/13 [DEFEATED] init=12 (roll 10)
PS C:\dev\grimengine> pnpm dev -- encounter xp --party 2

> grimengine@1.0.0 dev C:\dev\grimengine
> tsx apps/cli/index.ts "encounter" "xp" "--party" "2"

Total XP: 50 (party size 2 ⇒ 25 each)
Saved to encounter log.
PS C:\dev\grimengine> pnpm dev -- character load-name "Aerin"

> grimengine@1.0.0 dev C:\dev\grimengine
> tsx apps/cli/index.ts "character" "load-name" "Aerin"

Loaded character Aerin (lvl 3). PB +2
PS C:\dev\grimengine> pnpm dev -- character add-xp 150

> grimengine@1.0.0 dev C:\dev\grimengine
> tsx apps/cli/index.ts "character" "add-xp" "150"

Added 150 XP. Total XP: 150
PS C:\dev\grimengine> pnpm dev -- character show

> grimengine@1.0.0 dev C:\dev\grimengine
> tsx apps/cli/index.ts "character" "show"

Aerin (level 3)
XP: 150
Proficiency Bonus: +2
Ability Scores:
  STR: 16 (+3)
  DEX: 14 (+2)
  CON: 12 (+1)
  INT: 10 (+0)
  WIS: 10 (+0)
  CHA: 8 (-1)
Weapon Proficiencies: martial
Saving Throws: STR, CON
Skills: Athletics, Perception
Passive Perception: 12

Derived:
  AC: 12    Max HP: 21 (Hit Die d8 (default))
  Default Weapon: Unarmed (fallback) (to-hit +5; damage 1d4+3)
  Note: No hit die specified; defaulting to d8.
  Note: No weapon equipped; using fallback Unarmed.
PS C:\dev\grimengine> pnpm dev -- encounter end

> grimengine@1.0.0 dev C:\dev\grimengine
> tsx apps/cli/index.ts "encounter" "end"

Encounter ended.
PS C:\dev\grimengine> pnpm dev -- character unload

> grimengine@1.0.0 dev C:\dev\grimengine
> tsx apps/cli/index.ts "character" "unload"

Character session cleared.
PS C:\dev\grimengine> 