PS C:\dev\grimengine> pnpm test

> grimengine@1.0.0 test C:\dev\grimengine
> turbo run test

turbo 2.5.8

 WARNING  Unable to calculate transitive closures: Workspace 'packages/adapters/dnd5e-api' not found in lockfile.
• Packages in scope: @grimengine/core, @grimengine/dnd5e-api, @grimengine/rules-srd
• Running test in 3 packages
• Remote caching disabled
@grimengine/core:test: cache hit, replaying logs 97bf3594feeecd8f
@grimengine/core:test: 
@grimengine/core:test: > @grimengine/core@0.0.0 test C:\dev\grimengine\packages\core
@grimengine/core:test: > vitest --config vitest.config.ts
@grimengine/core:test:
@grimengine/core:test:
@grimengine/core:test:  RUN  v3.2.4 C:/dev/grimengine/packages/core
@grimengine/core:test:
@grimengine/core:test:  ✓ tests/weapons.test.ts (6 tests) 11ms
@grimengine/core:test:  ✓ tests/checks.test.ts (5 tests) 9ms
@grimengine/core:test:  ✓ tests/abilityScores.test.ts (9 tests) 12ms
@grimengine/core:test:  ✓ tests/encounter.test.ts (3 tests) 12ms
@grimengine/core:test:  ✓ tests/combat.test.ts (8 tests) 13ms
@grimengine/core:test:  ✓ tests/skills.test.ts (4 tests) 8ms
@grimengine/core:test:  ✓ tests/character.test.ts (6 tests) 13ms
@grimengine/core:test:  ✓ tests/dice.test.ts (4 tests) 6ms
@grimengine/core:test:  ✓ tests/monster-normalize.test.ts (1 test) 5ms
@grimengine/core:test:  ✓ tests/derived.test.ts (7 tests) 9ms
@grimengine/core:test:
@grimengine/core:test:  Test Files  10 passed (10)
@grimengine/core:test:       Tests  53 passed (53)
@grimengine/core:test:    Start at  12:06:09
@grimengine/core:test:    Duration  1.43s (transform 617ms, setup 0ms, collect 1.34s, tests 98ms, environment 3ms, prepare 2.63s)
@grimengine/core:test:

 Tasks:    1 successful, 1 total
Cached:    1 cached, 1 total
  Time:    345ms >>> FULL TURBO

PS C:\dev\grimengine> pnpm dev -- encounter start --seed grim                                                                                        

> grimengine@1.0.0 dev C:\dev\grimengine
> tsx apps/cli/index.ts "encounter" "start" "--seed" "grim"

Encounter started (seed="grim").
PS C:\dev\grimengine> pnpm dev -- encounter add monster "Skeleton"

> grimengine@1.0.0 dev C:\dev\grimengine
> tsx apps/cli/index.ts "encounter" "add" "monster" "Skeleton"

Fetched Skeleton from the 5e API.
Added 1 Skeleton: Skeleton #1 (id=skeleton-1)
PS C:\dev\grimengine> pnpm dev -- encounter add monster "Orc"

> grimengine@1.0.0 dev C:\dev\grimengine
> tsx apps/cli/index.ts "encounter" "add" "monster" "Orc"

Fetched Orc from the 5e API.
Added 1 Orc: Orc #1 (id=orc-1)
PS C:\dev\grimengine> pnpm dev -- encounter roll-init

> grimengine@1.0.0 dev C:\dev\grimengine
> tsx apps/cli/index.ts "encounter" "roll-init"

Initiative order:
1. Orc #1 (id=orc-1) → 17 = 16 + Dex +1
2. Skeleton #1 (id=skeleton-1) → 12 = 10 + Dex +2
PS C:\dev\grimengine> pnpm dev -- encounter list

> grimengine@1.0.0 dev C:\dev\grimengine
> tsx apps/cli/index.ts "encounter" "list"

Encounter encounter-grim
Round: 1 | Turn: 1/2
Actors:
→ [foe] Orc #1 (id=orc-1) AC 13 HP 15/15 init=17 (roll 16)
  [foe] Skeleton #1 (id=skeleton-1) AC 13 HP 13/13 init=12 (roll 10)
PS C:\dev\grimengine> pnpm dev -- encounter attack "Orc #1" "Skeleton #1" --seed grim

> grimengine@1.0.0 dev C:\dev\grimengine
> tsx apps/cli/index.ts "encounter" "attack" "Orc #1" "Skeleton #1" "--seed" "grim"

Attack: 1d20+5 vs AC 13
Rolls: [18] → natural 18 → total 23 → HIT
Damage: 1d12+3+3
Rolls: [3] → base 9 → final 9
Defender Skeleton #1 (id=skeleton-1) now has 4/13 HP (active).
PS C:\dev\grimengine> pnpm dev -- encounter next

> grimengine@1.0.0 dev C:\dev\grimengine
> tsx apps/cli/index.ts "encounter" "next"

Round 1, turn 2.
Current actor: Skeleton #1 (id=skeleton-1)
PS C:\dev\grimengine> pnpm dev -- encounter list

> grimengine@1.0.0 dev C:\dev\grimengine
> tsx apps/cli/index.ts "encounter" "list"

Encounter encounter-grim
Round: 1 | Turn: 2/2
Actors:
  [foe] Orc #1 (id=orc-1) AC 13 HP 15/15 init=17 (roll 16)
→ [foe] Skeleton #1 (id=skeleton-1) AC 13 HP 4/13 init=12 (roll 10)
PS C:\dev\grimengine> pnpm dev -- encounter save "graveyard-1"

> grimengine@1.0.0 dev C:\dev\grimengine
> tsx apps/cli/index.ts "encounter" "save" "graveyard-1"

Saved encounter as "graveyard-1".
PS C:\dev\grimengine> pnpm dev -- encounter list-saves

> grimengine@1.0.0 dev C:\dev\grimengine
> tsx apps/cli/index.ts "encounter" "list-saves"

Saved encounters:
- graveyard-1
PS C:\dev\grimengine> pnpm dev -- encounter end

> grimengine@1.0.0 dev C:\dev\grimengine
> tsx apps/cli/index.ts "encounter" "end"

Encounter ended.
PS C:\dev\grimengine> pnpm dev -- encounter list

> grimengine@1.0.0 dev C:\dev\grimengine
> tsx apps/cli/index.ts "encounter" "list"

No encounter in progress. Use `pnpm dev -- encounter start` first.
 ELIFECYCLE  Command failed with exit code 1.
PS C:\dev\grimengine> pnpm dev -- encounter load "graveyard-1"

> grimengine@1.0.0 dev C:\dev\grimengine
> tsx apps/cli/index.ts "encounter" "load" "graveyard-1"

Loaded encounter "graveyard-1" into session.
PS C:\dev\grimengine> pnpm dev -- encounter list

> grimengine@1.0.0 dev C:\dev\grimengine
> tsx apps/cli/index.ts "encounter" "list"

Encounter encounter-grim
Round: 1 | Turn: 2/2
Actors:
  [foe] Orc #1 (id=orc-1) AC 13 HP 15/15 init=17 (roll 16)
→ [foe] Skeleton #1 (id=skeleton-1) AC 13 HP 4/13 init=12 (roll 10)
PS C:\dev\grimengine> pnpm dev -- encounter next

> grimengine@1.0.0 dev C:\dev\grimengine
> tsx apps/cli/index.ts "encounter" "next"

Round 2, turn 1.
Current actor: Orc #1 (id=orc-1)
PS C:\dev\grimengine> pnpm dev -- encounter attack "Skeleton #1" "Orc #1" --seed grim

> grimengine@1.0.0 dev C:\dev\grimengine
> tsx apps/cli/index.ts "encounter" "attack" "Skeleton #1" "Orc #1" "--seed" "grim"

Attack: 1d20+4 vs AC 13
Rolls: [13] → natural 13 → total 17 → HIT
Damage: 1d6+2+0
Rolls: [4] → base 6 → final 6
Defender Orc #1 (id=orc-1) now has 9/15 HP (active).
PS C:\dev\grimengine> pnpm dev -- encounter save "graveyard-1b"

> grimengine@1.0.0 dev C:\dev\grimengine
> tsx apps/cli/index.ts "encounter" "save" "graveyard-1b"

Saved encounter as "graveyard-1b".
PS C:\dev\grimengine> pnpm dev -- encounter list-saves

> grimengine@1.0.0 dev C:\dev\grimengine
> tsx apps/cli/index.ts "encounter" "list-saves"

Saved encounters:
- graveyard-1
- graveyard-1b
PS C:\dev\grimengine> pnpm dev -- encounter delete "graveyard-1"

> grimengine@1.0.0 dev C:\dev\grimengine
> tsx apps/cli/index.ts "encounter" "delete" "graveyard-1"

Deleted saved encounter "graveyard-1".
PS C:\dev\grimengine> pnpm dev -- encounter list-saves

> grimengine@1.0.0 dev C:\dev\grimengine
> tsx apps/cli/index.ts "encounter" "list-saves"

Saved encounters:
- graveyard-1b
PS C:\dev\grimengine> pnpm dev -- encounter end

> grimengine@1.0.0 dev C:\dev\grimengine
> tsx apps/cli/index.ts "encounter" "end"

Encounter ended.
PS C:\dev\grimengine> 